// Jest Snapshot v1, https://goo.gl/fbAQLP

exports[`Search component renders without crashing 1`] = `
<div
  className="search"
>
  <div
    className="search__title"
  >
    Find your Movie
  </div>
  <input
    className="search__input"
    onChange={[Function]}
    onKeyPress={[Function]}
    type="text"
    value=""
  />
  <div
    className="search__bottom"
  >
    <div
      className="search__filter"
    >
      <span
        className="search__filterText"
      >
        Search By:
      </span>
      <span
        className="search__filterItem "
        key="title"
        onClick={[Function]}
      >
        title
      </span>
      <span
        className="search__filterItem "
        key="genres"
        onClick={[Function]}
      >
        genres
      </span>
    </div>
    <button
      className="search__button"
      onClick={[Function]}
    >
      Search
    </button>
  </div>
</div>
`;
